<?xml version="1.0" encoding="UTF-8"?>
<TestRun id="2b2d63dc-3265-46ef-b8a1-07905e0513fd" name="aborucki@LAMACHINE 2014-08-22 18:59:33" runUser="LAMACHINE\aborucki" xmlns="http://microsoft.com/schemas/VisualStudio/TeamTest/2010">
  <TestSettings name="Local" id="45ab3e5b-8fe1-416d-b798-f6f28f5ffcf4">
    <Description>These are default test settings for a local test run.</Description>
    <Deployment enabled="false" runDeploymentRoot="aborucki_LAMACHINE 2014-08-22 18_59_33">
      <DeploymentItem filename="C:\Personal\Career\Tests\Practicum\Practicum.Domain\Practicum.Domain\bin\Release\Practicum.Domain.dll" />
      <DeploymentItem filename="C:\Personal\Career\Tests\Practicum\Practicum.Test\packages\Unity.2.1.505.2\lib\NET35\Microsoft.Practices.Unity.dll" />
      <DeploymentItem filename="C:\Personal\Career\Tests\Practicum\Practicum.Services\bin\Release\Practicum.Services.dll" />
    </Deployment>
    <Execution>
      <TestTypeSpecific />
      <AgentRule name="Execution Agents">
      </AgentRule>
    </Execution>
  </TestSettings>
  <Times creation="2014-08-22T18:59:33.9772836-05:00" queuing="2014-08-22T18:59:35.3663631-05:00" start="2014-08-22T18:59:35.4703690-05:00" finish="2014-08-22T18:59:37.3434761-05:00" />
  <ResultSummary outcome="Completed">
    <Counters total="8" executed="8" passed="8" error="0" failed="0" timeout="0" aborted="0" inconclusive="0" passedButRunAborted="0" notRunnable="0" notExecuted="0" disconnected="0" warning="0" completed="0" inProgress="0" pending="0" />
  </ResultSummary>
  <TestDefinitions>
    <UnitTest name="TestMethod6" storage="c:\personal\career\tests\practicum\practicum.test\bin\release\practicum.test.dll" id="53422fd4-2a0d-2d52-1717-039e901357f6">
      <Execution id="191cbddf-e840-4a95-be45-29988a6c8786" />
      <TestMethod codeBase="C:/Personal/Career/Tests/Practicum/Practicum.Test/bin/Release/Practicum.Test.DLL" adapterTypeName="Microsoft.VisualStudio.TestTools.TestTypes.Unit.UnitTestAdapter, Microsoft.VisualStudio.QualityTools.Tips.UnitTest.Adapter, Version=10.0.0.0, Culture=neutral, PublicKeyToken=b03f5f7f11d50a3a" className="Practicum.Test.PracticumTest, Practicum.Test, Version=1.0.0.0, Culture=neutral, PublicKeyToken=null" name="TestMethod6" />
    </UnitTest>
    <UnitTest name="TestMethod7" storage="c:\personal\career\tests\practicum\practicum.test\bin\release\practicum.test.dll" id="c30a6537-96f2-fea6-71ca-53a68614fd79">
      <Execution id="75fafda2-ed8e-43dd-aaa4-4236ea3da994" />
      <TestMethod codeBase="C:/Personal/Career/Tests/Practicum/Practicum.Test/bin/Release/Practicum.Test.DLL" adapterTypeName="Microsoft.VisualStudio.TestTools.TestTypes.Unit.UnitTestAdapter, Microsoft.VisualStudio.QualityTools.Tips.UnitTest.Adapter, Version=10.0.0.0, Culture=neutral, PublicKeyToken=b03f5f7f11d50a3a" className="Practicum.Test.PracticumTest, Practicum.Test, Version=1.0.0.0, Culture=neutral, PublicKeyToken=null" name="TestMethod7" />
    </UnitTest>
    <UnitTest name="TestMethod1" storage="c:\personal\career\tests\practicum\practicum.test\bin\release\practicum.test.dll" id="5d8d871b-0f0f-e02b-a557-bc363b33fa19">
      <Execution id="c4ca939d-3646-4a83-9010-6ceef9eb6991" />
      <TestMethod codeBase="C:/Personal/Career/Tests/Practicum/Practicum.Test/bin/Release/Practicum.Test.DLL" adapterTypeName="Microsoft.VisualStudio.TestTools.TestTypes.Unit.UnitTestAdapter, Microsoft.VisualStudio.QualityTools.Tips.UnitTest.Adapter, Version=10.0.0.0, Culture=neutral, PublicKeyToken=b03f5f7f11d50a3a" className="Practicum.Test.PracticumTest, Practicum.Test, Version=1.0.0.0, Culture=neutral, PublicKeyToken=null" name="TestMethod1" />
    </UnitTest>
    <UnitTest name="TestMethod3" storage="c:\personal\career\tests\practicum\practicum.test\bin\release\practicum.test.dll" id="5de196f7-1502-4450-9635-d55317016fb4">
      <Execution id="5abc63a5-f13f-4d4e-b9ca-731ea6ae8c9a" />
      <TestMethod codeBase="C:/Personal/Career/Tests/Practicum/Practicum.Test/bin/Release/Practicum.Test.DLL" adapterTypeName="Microsoft.VisualStudio.TestTools.TestTypes.Unit.UnitTestAdapter, Microsoft.VisualStudio.QualityTools.Tips.UnitTest.Adapter, Version=10.0.0.0, Culture=neutral, PublicKeyToken=b03f5f7f11d50a3a" className="Practicum.Test.PracticumTest, Practicum.Test, Version=1.0.0.0, Culture=neutral, PublicKeyToken=null" name="TestMethod3" />
    </UnitTest>
    <UnitTest name="TestMethod5" storage="c:\personal\career\tests\practicum\practicum.test\bin\release\practicum.test.dll" id="7a3ab5ed-1747-f1cb-a803-003deb1b80c1">
      <Execution id="18aac043-8ef9-4f48-b37e-fe1d9e069c49" />
      <TestMethod codeBase="C:/Personal/Career/Tests/Practicum/Practicum.Test/bin/Release/Practicum.Test.DLL" adapterTypeName="Microsoft.VisualStudio.TestTools.TestTypes.Unit.UnitTestAdapter, Microsoft.VisualStudio.QualityTools.Tips.UnitTest.Adapter, Version=10.0.0.0, Culture=neutral, PublicKeyToken=b03f5f7f11d50a3a" className="Practicum.Test.PracticumTest, Practicum.Test, Version=1.0.0.0, Culture=neutral, PublicKeyToken=null" name="TestMethod5" />
    </UnitTest>
    <UnitTest name="TestMethod4" storage="c:\personal\career\tests\practicum\practicum.test\bin\release\practicum.test.dll" id="a629fb51-d901-eedb-5987-a683a2115959">
      <Execution id="aec1a547-2fca-4c09-b9e0-7ea63cf81344" />
      <TestMethod codeBase="C:/Personal/Career/Tests/Practicum/Practicum.Test/bin/Release/Practicum.Test.DLL" adapterTypeName="Microsoft.VisualStudio.TestTools.TestTypes.Unit.UnitTestAdapter, Microsoft.VisualStudio.QualityTools.Tips.UnitTest.Adapter, Version=10.0.0.0, Culture=neutral, PublicKeyToken=b03f5f7f11d50a3a" className="Practicum.Test.PracticumTest, Practicum.Test, Version=1.0.0.0, Culture=neutral, PublicKeyToken=null" name="TestMethod4" />
    </UnitTest>
    <UnitTest name="TestMethod8" storage="c:\personal\career\tests\practicum\practicum.test\bin\release\practicum.test.dll" id="45e2f4f6-499a-91c7-a4ce-6c41f71b6493">
      <Execution id="3da24578-161d-459f-9c55-9885b54f8134" />
      <TestMethod codeBase="C:/Personal/Career/Tests/Practicum/Practicum.Test/bin/Release/Practicum.Test.DLL" adapterTypeName="Microsoft.VisualStudio.TestTools.TestTypes.Unit.UnitTestAdapter, Microsoft.VisualStudio.QualityTools.Tips.UnitTest.Adapter, Version=10.0.0.0, Culture=neutral, PublicKeyToken=b03f5f7f11d50a3a" className="Practicum.Test.PracticumTest, Practicum.Test, Version=1.0.0.0, Culture=neutral, PublicKeyToken=null" name="TestMethod8" />
    </UnitTest>
    <UnitTest name="TestMethod2" storage="c:\personal\career\tests\practicum\practicum.test\bin\release\practicum.test.dll" id="93b5e82c-e4a2-74b9-6f8e-9e37275af40a">
      <Execution id="07db078d-d6a7-4f20-a8f0-65f14ad31d70" />
      <TestMethod codeBase="C:/Personal/Career/Tests/Practicum/Practicum.Test/bin/Release/Practicum.Test.DLL" adapterTypeName="Microsoft.VisualStudio.TestTools.TestTypes.Unit.UnitTestAdapter, Microsoft.VisualStudio.QualityTools.Tips.UnitTest.Adapter, Version=10.0.0.0, Culture=neutral, PublicKeyToken=b03f5f7f11d50a3a" className="Practicum.Test.PracticumTest, Practicum.Test, Version=1.0.0.0, Culture=neutral, PublicKeyToken=null" name="TestMethod2" />
    </UnitTest>
  </TestDefinitions>
  <TestLists>
    <TestList name="Results Not in a List" id="8c84fa94-04c1-424b-9868-57a2d4851a1d" />
    <TestList name="All Loaded Results" id="19431567-8539-422a-85d7-44ee4e166bda" />
  </TestLists>
  <TestEntries>
    <TestEntry testId="5d8d871b-0f0f-e02b-a557-bc363b33fa19" executionId="c4ca939d-3646-4a83-9010-6ceef9eb6991" testListId="8c84fa94-04c1-424b-9868-57a2d4851a1d" />
    <TestEntry testId="93b5e82c-e4a2-74b9-6f8e-9e37275af40a" executionId="07db078d-d6a7-4f20-a8f0-65f14ad31d70" testListId="8c84fa94-04c1-424b-9868-57a2d4851a1d" />
    <TestEntry testId="5de196f7-1502-4450-9635-d55317016fb4" executionId="5abc63a5-f13f-4d4e-b9ca-731ea6ae8c9a" testListId="8c84fa94-04c1-424b-9868-57a2d4851a1d" />
    <TestEntry testId="a629fb51-d901-eedb-5987-a683a2115959" executionId="aec1a547-2fca-4c09-b9e0-7ea63cf81344" testListId="8c84fa94-04c1-424b-9868-57a2d4851a1d" />
    <TestEntry testId="7a3ab5ed-1747-f1cb-a803-003deb1b80c1" executionId="18aac043-8ef9-4f48-b37e-fe1d9e069c49" testListId="8c84fa94-04c1-424b-9868-57a2d4851a1d" />
    <TestEntry testId="53422fd4-2a0d-2d52-1717-039e901357f6" executionId="191cbddf-e840-4a95-be45-29988a6c8786" testListId="8c84fa94-04c1-424b-9868-57a2d4851a1d" />
    <TestEntry testId="c30a6537-96f2-fea6-71ca-53a68614fd79" executionId="75fafda2-ed8e-43dd-aaa4-4236ea3da994" testListId="8c84fa94-04c1-424b-9868-57a2d4851a1d" />
    <TestEntry testId="45e2f4f6-499a-91c7-a4ce-6c41f71b6493" executionId="3da24578-161d-459f-9c55-9885b54f8134" testListId="8c84fa94-04c1-424b-9868-57a2d4851a1d" />
  </TestEntries>
  <Results>
    <UnitTestResult executionId="c4ca939d-3646-4a83-9010-6ceef9eb6991" testId="5d8d871b-0f0f-e02b-a557-bc363b33fa19" testName="TestMethod1" computerName="LAMACHINE" duration="00:00:00.1085454" startTime="2014-08-22T18:59:35.5273723-05:00" endTime="2014-08-22T18:59:37.1594656-05:00" testType="13cdc9d9-ddb5-4fa4-a97d-d965ccfc6d4b" outcome="Passed" testListId="8c84fa94-04c1-424b-9868-57a2d4851a1d" relativeResultsDirectory="c4ca939d-3646-4a83-9010-6ceef9eb6991">
    </UnitTestResult>
    <UnitTestResult executionId="07db078d-d6a7-4f20-a8f0-65f14ad31d70" testId="93b5e82c-e4a2-74b9-6f8e-9e37275af40a" testName="TestMethod2" computerName="LAMACHINE" duration="00:00:00.0008697" startTime="2014-08-22T18:59:37.1724664-05:00" endTime="2014-08-22T18:59:37.1794668-05:00" testType="13cdc9d9-ddb5-4fa4-a97d-d965ccfc6d4b" outcome="Passed" testListId="8c84fa94-04c1-424b-9868-57a2d4851a1d" relativeResultsDirectory="07db078d-d6a7-4f20-a8f0-65f14ad31d70">
    </UnitTestResult>
    <UnitTestResult executionId="5abc63a5-f13f-4d4e-b9ca-731ea6ae8c9a" testId="5de196f7-1502-4450-9635-d55317016fb4" testName="TestMethod3" computerName="LAMACHINE" duration="00:00:00.0006711" startTime="2014-08-22T18:59:37.1874672-05:00" endTime="2014-08-22T18:59:37.1934676-05:00" testType="13cdc9d9-ddb5-4fa4-a97d-d965ccfc6d4b" outcome="Passed" testListId="8c84fa94-04c1-424b-9868-57a2d4851a1d" relativeResultsDirectory="5abc63a5-f13f-4d4e-b9ca-731ea6ae8c9a">
    </UnitTestResult>
    <UnitTestResult executionId="aec1a547-2fca-4c09-b9e0-7ea63cf81344" testId="a629fb51-d901-eedb-5987-a683a2115959" testName="TestMethod4" computerName="LAMACHINE" duration="00:00:00.0007319" startTime="2014-08-22T18:59:37.2004680-05:00" endTime="2014-08-22T18:59:37.2084684-05:00" testType="13cdc9d9-ddb5-4fa4-a97d-d965ccfc6d4b" outcome="Passed" testListId="8c84fa94-04c1-424b-9868-57a2d4851a1d" relativeResultsDirectory="aec1a547-2fca-4c09-b9e0-7ea63cf81344">
    </UnitTestResult>
    <UnitTestResult executionId="18aac043-8ef9-4f48-b37e-fe1d9e069c49" testId="7a3ab5ed-1747-f1cb-a803-003deb1b80c1" testName="TestMethod5" computerName="LAMACHINE" duration="00:00:00.0007349" startTime="2014-08-22T18:59:37.2154688-05:00" endTime="2014-08-22T18:59:37.2214692-05:00" testType="13cdc9d9-ddb5-4fa4-a97d-d965ccfc6d4b" outcome="Passed" testListId="8c84fa94-04c1-424b-9868-57a2d4851a1d" relativeResultsDirectory="18aac043-8ef9-4f48-b37e-fe1d9e069c49">
    </UnitTestResult>
    <UnitTestResult executionId="191cbddf-e840-4a95-be45-29988a6c8786" testId="53422fd4-2a0d-2d52-1717-039e901357f6" testName="TestMethod6" computerName="LAMACHINE" duration="00:00:00.0006711" startTime="2014-08-22T18:59:37.2274695-05:00" endTime="2014-08-22T18:59:37.2334699-05:00" testType="13cdc9d9-ddb5-4fa4-a97d-d965ccfc6d4b" outcome="Passed" testListId="8c84fa94-04c1-424b-9868-57a2d4851a1d" relativeResultsDirectory="191cbddf-e840-4a95-be45-29988a6c8786">
    </UnitTestResult>
    <UnitTestResult executionId="75fafda2-ed8e-43dd-aaa4-4236ea3da994" testId="c30a6537-96f2-fea6-71ca-53a68614fd79" testName="TestMethod7" computerName="LAMACHINE" duration="00:00:00.0009061" startTime="2014-08-22T18:59:37.2474707-05:00" endTime="2014-08-22T18:59:37.2534710-05:00" testType="13cdc9d9-ddb5-4fa4-a97d-d965ccfc6d4b" outcome="Passed" testListId="8c84fa94-04c1-424b-9868-57a2d4851a1d" relativeResultsDirectory="75fafda2-ed8e-43dd-aaa4-4236ea3da994">
    </UnitTestResult>
    <UnitTestResult executionId="3da24578-161d-459f-9c55-9885b54f8134" testId="45e2f4f6-499a-91c7-a4ce-6c41f71b6493" testName="TestMethod8" computerName="LAMACHINE" duration="00:00:00.0007126" startTime="2014-08-22T18:59:37.2614715-05:00" endTime="2014-08-22T18:59:37.2684719-05:00" testType="13cdc9d9-ddb5-4fa4-a97d-d965ccfc6d4b" outcome="Passed" testListId="8c84fa94-04c1-424b-9868-57a2d4851a1d" relativeResultsDirectory="3da24578-161d-459f-9c55-9885b54f8134">
    </UnitTestResult>
  </Results>
</TestRun>