<?xml version="1.0" encoding="UTF-8"?>
<TestRun id="5619c2c6-1c6f-4693-8a11-2fa23408f926" name="aborucki@LAMACHINE 2014-08-22 21:27:03" runUser="LAMACHINE\aborucki" xmlns="http://microsoft.com/schemas/VisualStudio/TeamTest/2010">
  <TestSettings name="Local" id="45ab3e5b-8fe1-416d-b798-f6f28f5ffcf4">
    <Description>These are default test settings for a local test run.</Description>
    <Deployment enabled="false" runDeploymentRoot="aborucki_LAMACHINE 2014-08-22 21_27_03">
      <DeploymentItem filename="C:\Personal\Career\Tests\Practicum\Practicum.Test\packages\Unity.2.1.505.2\lib\NET35\Microsoft.Practices.Unity.dll" />
      <DeploymentItem filename="C:\Personal\Career\Tests\Practicum\Practicum.Domain\Practicum.Domain\bin\Debug\Practicum.Domain.dll" />
      <DeploymentItem filename="C:\Personal\Career\Tests\Practicum\Practicum.Services\bin\Debug\Practicum.Services.dll" />
    </Deployment>
    <Execution>
      <TestTypeSpecific />
      <AgentRule name="Execution Agents">
      </AgentRule>
    </Execution>
  </TestSettings>
  <Times creation="2014-08-22T21:27:03.6710544-05:00" queuing="2014-08-22T21:27:08.1913129-05:00" start="2014-08-22T21:27:08.5683345-05:00" finish="2014-08-22T21:27:11.5055025-05:00" />
  <ResultSummary outcome="Completed">
    <Counters total="8" executed="8" passed="8" error="0" failed="0" timeout="0" aborted="0" inconclusive="0" passedButRunAborted="0" notRunnable="0" notExecuted="0" disconnected="0" warning="0" completed="0" inProgress="0" pending="0" />
  </ResultSummary>
  <TestDefinitions>
    <UnitTest name="TestMethod6" storage="c:\personal\career\tests\practicum\practicum.test\bin\debug\practicum.test.dll" id="53422fd4-2a0d-2d52-1717-039e901357f6">
      <Execution id="b8efbd7d-72be-4b98-af95-96397118af9f" />
      <TestMethod codeBase="C:/Personal/Career/Tests/Practicum/Practicum.Test/bin/Debug/Practicum.Test.DLL" adapterTypeName="Microsoft.VisualStudio.TestTools.TestTypes.Unit.UnitTestAdapter, Microsoft.VisualStudio.QualityTools.Tips.UnitTest.Adapter, Version=10.0.0.0, Culture=neutral, PublicKeyToken=b03f5f7f11d50a3a" className="Practicum.Test.PracticumTest, Practicum.Test, Version=1.0.0.0, Culture=neutral, PublicKeyToken=null" name="TestMethod6" />
    </UnitTest>
    <UnitTest name="TestMethod7" storage="c:\personal\career\tests\practicum\practicum.test\bin\debug\practicum.test.dll" id="c30a6537-96f2-fea6-71ca-53a68614fd79">
      <Execution id="53352de5-628a-4264-8b5d-a7d9aceee1a9" />
      <TestMethod codeBase="C:/Personal/Career/Tests/Practicum/Practicum.Test/bin/Debug/Practicum.Test.DLL" adapterTypeName="Microsoft.VisualStudio.TestTools.TestTypes.Unit.UnitTestAdapter, Microsoft.VisualStudio.QualityTools.Tips.UnitTest.Adapter, Version=10.0.0.0, Culture=neutral, PublicKeyToken=b03f5f7f11d50a3a" className="Practicum.Test.PracticumTest, Practicum.Test, Version=1.0.0.0, Culture=neutral, PublicKeyToken=null" name="TestMethod7" />
    </UnitTest>
    <UnitTest name="TestMethod1" storage="c:\personal\career\tests\practicum\practicum.test\bin\debug\practicum.test.dll" id="5d8d871b-0f0f-e02b-a557-bc363b33fa19">
      <Execution id="01f88398-1321-46a7-aa42-59708200a6aa" />
      <TestMethod codeBase="C:/Personal/Career/Tests/Practicum/Practicum.Test/bin/Debug/Practicum.Test.DLL" adapterTypeName="Microsoft.VisualStudio.TestTools.TestTypes.Unit.UnitTestAdapter, Microsoft.VisualStudio.QualityTools.Tips.UnitTest.Adapter, Version=10.0.0.0, Culture=neutral, PublicKeyToken=b03f5f7f11d50a3a" className="Practicum.Test.PracticumTest, Practicum.Test, Version=1.0.0.0, Culture=neutral, PublicKeyToken=null" name="TestMethod1" />
    </UnitTest>
    <UnitTest name="TestMethod3" storage="c:\personal\career\tests\practicum\practicum.test\bin\debug\practicum.test.dll" id="5de196f7-1502-4450-9635-d55317016fb4">
      <Execution id="5a7ed47f-87c5-4bb7-b154-3d0e15efc852" />
      <TestMethod codeBase="C:/Personal/Career/Tests/Practicum/Practicum.Test/bin/Debug/Practicum.Test.DLL" adapterTypeName="Microsoft.VisualStudio.TestTools.TestTypes.Unit.UnitTestAdapter, Microsoft.VisualStudio.QualityTools.Tips.UnitTest.Adapter, Version=10.0.0.0, Culture=neutral, PublicKeyToken=b03f5f7f11d50a3a" className="Practicum.Test.PracticumTest, Practicum.Test, Version=1.0.0.0, Culture=neutral, PublicKeyToken=null" name="TestMethod3" />
    </UnitTest>
    <UnitTest name="TestMethod5" storage="c:\personal\career\tests\practicum\practicum.test\bin\debug\practicum.test.dll" id="7a3ab5ed-1747-f1cb-a803-003deb1b80c1">
      <Execution id="a1ba9488-8378-4108-98e9-7ef08b4135b7" />
      <TestMethod codeBase="C:/Personal/Career/Tests/Practicum/Practicum.Test/bin/Debug/Practicum.Test.DLL" adapterTypeName="Microsoft.VisualStudio.TestTools.TestTypes.Unit.UnitTestAdapter, Microsoft.VisualStudio.QualityTools.Tips.UnitTest.Adapter, Version=10.0.0.0, Culture=neutral, PublicKeyToken=b03f5f7f11d50a3a" className="Practicum.Test.PracticumTest, Practicum.Test, Version=1.0.0.0, Culture=neutral, PublicKeyToken=null" name="TestMethod5" />
    </UnitTest>
    <UnitTest name="TestMethod4" storage="c:\personal\career\tests\practicum\practicum.test\bin\debug\practicum.test.dll" id="a629fb51-d901-eedb-5987-a683a2115959">
      <Execution id="bffff411-89d6-4349-93eb-b39ff00b632f" />
      <TestMethod codeBase="C:/Personal/Career/Tests/Practicum/Practicum.Test/bin/Debug/Practicum.Test.DLL" adapterTypeName="Microsoft.VisualStudio.TestTools.TestTypes.Unit.UnitTestAdapter, Microsoft.VisualStudio.QualityTools.Tips.UnitTest.Adapter, Version=10.0.0.0, Culture=neutral, PublicKeyToken=b03f5f7f11d50a3a" className="Practicum.Test.PracticumTest, Practicum.Test, Version=1.0.0.0, Culture=neutral, PublicKeyToken=null" name="TestMethod4" />
    </UnitTest>
    <UnitTest name="TestMethod8" storage="c:\personal\career\tests\practicum\practicum.test\bin\debug\practicum.test.dll" id="45e2f4f6-499a-91c7-a4ce-6c41f71b6493">
      <Execution id="14a80316-3c2f-4a3d-bb43-3c624bf7adec" />
      <TestMethod codeBase="C:/Personal/Career/Tests/Practicum/Practicum.Test/bin/Debug/Practicum.Test.DLL" adapterTypeName="Microsoft.VisualStudio.TestTools.TestTypes.Unit.UnitTestAdapter, Microsoft.VisualStudio.QualityTools.Tips.UnitTest.Adapter, Version=10.0.0.0, Culture=neutral, PublicKeyToken=b03f5f7f11d50a3a" className="Practicum.Test.PracticumTest, Practicum.Test, Version=1.0.0.0, Culture=neutral, PublicKeyToken=null" name="TestMethod8" />
    </UnitTest>
    <UnitTest name="TestMethod2" storage="c:\personal\career\tests\practicum\practicum.test\bin\debug\practicum.test.dll" id="93b5e82c-e4a2-74b9-6f8e-9e37275af40a">
      <Execution id="0f57cd18-1668-48e0-bff7-b369072d72bc" />
      <TestMethod codeBase="C:/Personal/Career/Tests/Practicum/Practicum.Test/bin/Debug/Practicum.Test.DLL" adapterTypeName="Microsoft.VisualStudio.TestTools.TestTypes.Unit.UnitTestAdapter, Microsoft.VisualStudio.QualityTools.Tips.UnitTest.Adapter, Version=10.0.0.0, Culture=neutral, PublicKeyToken=b03f5f7f11d50a3a" className="Practicum.Test.PracticumTest, Practicum.Test, Version=1.0.0.0, Culture=neutral, PublicKeyToken=null" name="TestMethod2" />
    </UnitTest>
  </TestDefinitions>
  <TestLists>
    <TestList name="Results Not in a List" id="8c84fa94-04c1-424b-9868-57a2d4851a1d" />
    <TestList name="All Loaded Results" id="19431567-8539-422a-85d7-44ee4e166bda" />
  </TestLists>
  <TestEntries>
    <TestEntry testId="5d8d871b-0f0f-e02b-a557-bc363b33fa19" executionId="01f88398-1321-46a7-aa42-59708200a6aa" testListId="8c84fa94-04c1-424b-9868-57a2d4851a1d" />
    <TestEntry testId="93b5e82c-e4a2-74b9-6f8e-9e37275af40a" executionId="0f57cd18-1668-48e0-bff7-b369072d72bc" testListId="8c84fa94-04c1-424b-9868-57a2d4851a1d" />
    <TestEntry testId="5de196f7-1502-4450-9635-d55317016fb4" executionId="5a7ed47f-87c5-4bb7-b154-3d0e15efc852" testListId="8c84fa94-04c1-424b-9868-57a2d4851a1d" />
    <TestEntry testId="a629fb51-d901-eedb-5987-a683a2115959" executionId="bffff411-89d6-4349-93eb-b39ff00b632f" testListId="8c84fa94-04c1-424b-9868-57a2d4851a1d" />
    <TestEntry testId="7a3ab5ed-1747-f1cb-a803-003deb1b80c1" executionId="a1ba9488-8378-4108-98e9-7ef08b4135b7" testListId="8c84fa94-04c1-424b-9868-57a2d4851a1d" />
    <TestEntry testId="53422fd4-2a0d-2d52-1717-039e901357f6" executionId="b8efbd7d-72be-4b98-af95-96397118af9f" testListId="8c84fa94-04c1-424b-9868-57a2d4851a1d" />
    <TestEntry testId="c30a6537-96f2-fea6-71ca-53a68614fd79" executionId="53352de5-628a-4264-8b5d-a7d9aceee1a9" testListId="8c84fa94-04c1-424b-9868-57a2d4851a1d" />
    <TestEntry testId="45e2f4f6-499a-91c7-a4ce-6c41f71b6493" executionId="14a80316-3c2f-4a3d-bb43-3c624bf7adec" testListId="8c84fa94-04c1-424b-9868-57a2d4851a1d" />
  </TestEntries>
  <Results>
    <UnitTestResult executionId="01f88398-1321-46a7-aa42-59708200a6aa" testId="5d8d871b-0f0f-e02b-a557-bc363b33fa19" testName="TestMethod1" computerName="LAMACHINE" duration="00:00:00.1416399" startTime="2014-08-22T21:27:08.6503392-05:00" endTime="2014-08-22T21:27:11.3364928-05:00" testType="13cdc9d9-ddb5-4fa4-a97d-d965ccfc6d4b" outcome="Passed" testListId="8c84fa94-04c1-424b-9868-57a2d4851a1d" relativeResultsDirectory="01f88398-1321-46a7-aa42-59708200a6aa">
    </UnitTestResult>
    <UnitTestResult executionId="0f57cd18-1668-48e0-bff7-b369072d72bc" testId="93b5e82c-e4a2-74b9-6f8e-9e37275af40a" testName="TestMethod2" computerName="LAMACHINE" duration="00:00:00.0009018" startTime="2014-08-22T21:27:11.3554939-05:00" endTime="2014-08-22T21:27:11.3624943-05:00" testType="13cdc9d9-ddb5-4fa4-a97d-d965ccfc6d4b" outcome="Passed" testListId="8c84fa94-04c1-424b-9868-57a2d4851a1d" relativeResultsDirectory="0f57cd18-1668-48e0-bff7-b369072d72bc">
    </UnitTestResult>
    <UnitTestResult executionId="5a7ed47f-87c5-4bb7-b154-3d0e15efc852" testId="5de196f7-1502-4450-9635-d55317016fb4" testName="TestMethod3" computerName="LAMACHINE" duration="00:00:00.0007884" startTime="2014-08-22T21:27:11.3714948-05:00" endTime="2014-08-22T21:27:11.3784952-05:00" testType="13cdc9d9-ddb5-4fa4-a97d-d965ccfc6d4b" outcome="Passed" testListId="8c84fa94-04c1-424b-9868-57a2d4851a1d" relativeResultsDirectory="5a7ed47f-87c5-4bb7-b154-3d0e15efc852">
    </UnitTestResult>
    <UnitTestResult executionId="bffff411-89d6-4349-93eb-b39ff00b632f" testId="a629fb51-d901-eedb-5987-a683a2115959" testName="TestMethod4" computerName="LAMACHINE" duration="00:00:00.0007687" startTime="2014-08-22T21:27:11.3854956-05:00" endTime="2014-08-22T21:27:11.3914960-05:00" testType="13cdc9d9-ddb5-4fa4-a97d-d965ccfc6d4b" outcome="Passed" testListId="8c84fa94-04c1-424b-9868-57a2d4851a1d" relativeResultsDirectory="bffff411-89d6-4349-93eb-b39ff00b632f">
    </UnitTestResult>
    <UnitTestResult executionId="a1ba9488-8378-4108-98e9-7ef08b4135b7" testId="7a3ab5ed-1747-f1cb-a803-003deb1b80c1" testName="TestMethod5" computerName="LAMACHINE" duration="00:00:00.0006634" startTime="2014-08-22T21:27:11.4084969-05:00" endTime="2014-08-22T21:27:11.4144973-05:00" testType="13cdc9d9-ddb5-4fa4-a97d-d965ccfc6d4b" outcome="Passed" testListId="8c84fa94-04c1-424b-9868-57a2d4851a1d" relativeResultsDirectory="a1ba9488-8378-4108-98e9-7ef08b4135b7">
    </UnitTestResult>
    <UnitTestResult executionId="b8efbd7d-72be-4b98-af95-96397118af9f" testId="53422fd4-2a0d-2d52-1717-039e901357f6" testName="TestMethod6" computerName="LAMACHINE" duration="00:00:00.0006947" startTime="2014-08-22T21:27:11.4214977-05:00" endTime="2014-08-22T21:27:11.4314983-05:00" testType="13cdc9d9-ddb5-4fa4-a97d-d965ccfc6d4b" outcome="Passed" testListId="8c84fa94-04c1-424b-9868-57a2d4851a1d" relativeResultsDirectory="b8efbd7d-72be-4b98-af95-96397118af9f">
    </UnitTestResult>
    <UnitTestResult executionId="53352de5-628a-4264-8b5d-a7d9aceee1a9" testId="c30a6537-96f2-fea6-71ca-53a68614fd79" testName="TestMethod7" computerName="LAMACHINE" duration="00:00:00.0006523" startTime="2014-08-22T21:27:11.4384987-05:00" endTime="2014-08-22T21:27:11.4434989-05:00" testType="13cdc9d9-ddb5-4fa4-a97d-d965ccfc6d4b" outcome="Passed" testListId="8c84fa94-04c1-424b-9868-57a2d4851a1d" relativeResultsDirectory="53352de5-628a-4264-8b5d-a7d9aceee1a9">
    </UnitTestResult>
    <UnitTestResult executionId="14a80316-3c2f-4a3d-bb43-3c624bf7adec" testId="45e2f4f6-499a-91c7-a4ce-6c41f71b6493" testName="TestMethod8" computerName="LAMACHINE" duration="00:00:00.0006579" startTime="2014-08-22T21:27:11.4494993-05:00" endTime="2014-08-22T21:27:11.4554996-05:00" testType="13cdc9d9-ddb5-4fa4-a97d-d965ccfc6d4b" outcome="Passed" testListId="8c84fa94-04c1-424b-9868-57a2d4851a1d" relativeResultsDirectory="14a80316-3c2f-4a3d-bb43-3c624bf7adec">
    </UnitTestResult>
  </Results>
</TestRun>