<?xml version="1.0" encoding="UTF-8"?>
<TestRun id="57efdb7f-e6ec-4665-9f66-0d78d378a70f" name="aborucki@LAMACHINE 2014-08-22 18:56:09" runUser="LAMACHINE\aborucki" xmlns="http://microsoft.com/schemas/VisualStudio/TeamTest/2010">
  <TestSettings name="Local" id="45ab3e5b-8fe1-416d-b798-f6f28f5ffcf4">
    <Description>These are default test settings for a local test run.</Description>
    <Deployment enabled="false" runDeploymentRoot="aborucki_LAMACHINE 2014-08-22 18_56_09">
      <DeploymentItem filename="C:\Personal\Career\Tests\Practicum\Practicum.Test\packages\Unity.2.1.505.2\lib\NET35\Microsoft.Practices.Unity.dll" />
      <DeploymentItem filename="C:\Personal\Career\Tests\Practicum\Practicum.Domain\Practicum.Domain\bin\Debug\Practicum.Domain.dll" />
      <DeploymentItem filename="C:\Personal\Career\Tests\Practicum\Practicum.Services\bin\Debug\Practicum.Services.dll" />
    </Deployment>
    <Execution>
      <TestTypeSpecific />
      <AgentRule name="Execution Agents">
      </AgentRule>
    </Execution>
  </TestSettings>
  <Times creation="2014-08-22T18:56:09.4777302-05:00" queuing="2014-08-22T18:56:10.6647462-05:00" start="2014-08-22T18:56:10.7547463-05:00" finish="2014-08-22T18:56:12.6587799-05:00" />
  <ResultSummary outcome="Completed">
    <Counters total="8" executed="8" passed="8" error="0" failed="0" timeout="0" aborted="0" inconclusive="0" passedButRunAborted="0" notRunnable="0" notExecuted="0" disconnected="0" warning="0" completed="0" inProgress="0" pending="0" />
  </ResultSummary>
  <TestDefinitions>
    <UnitTest name="TestMethod6" storage="c:\personal\career\tests\practicum\practicum.test\bin\debug\practicum.test.dll" id="53422fd4-2a0d-2d52-1717-039e901357f6">
      <Execution id="4d68ee92-fe2e-43da-bde7-d252cb5b89bc" />
      <TestMethod codeBase="C:/Personal/Career/Tests/Practicum/Practicum.Test/bin/Debug/Practicum.Test.DLL" adapterTypeName="Microsoft.VisualStudio.TestTools.TestTypes.Unit.UnitTestAdapter, Microsoft.VisualStudio.QualityTools.Tips.UnitTest.Adapter, Version=10.0.0.0, Culture=neutral, PublicKeyToken=b03f5f7f11d50a3a" className="Practicum.Test.PracticumTest, Practicum.Test, Version=1.0.0.0, Culture=neutral, PublicKeyToken=null" name="TestMethod6" />
    </UnitTest>
    <UnitTest name="TestMethod7" storage="c:\personal\career\tests\practicum\practicum.test\bin\debug\practicum.test.dll" id="c30a6537-96f2-fea6-71ca-53a68614fd79">
      <Execution id="60ba2ed8-0d6b-4480-b602-71091ee7c409" />
      <TestMethod codeBase="C:/Personal/Career/Tests/Practicum/Practicum.Test/bin/Debug/Practicum.Test.DLL" adapterTypeName="Microsoft.VisualStudio.TestTools.TestTypes.Unit.UnitTestAdapter, Microsoft.VisualStudio.QualityTools.Tips.UnitTest.Adapter, Version=10.0.0.0, Culture=neutral, PublicKeyToken=b03f5f7f11d50a3a" className="Practicum.Test.PracticumTest, Practicum.Test, Version=1.0.0.0, Culture=neutral, PublicKeyToken=null" name="TestMethod7" />
    </UnitTest>
    <UnitTest name="TestMethod1" storage="c:\personal\career\tests\practicum\practicum.test\bin\debug\practicum.test.dll" id="5d8d871b-0f0f-e02b-a557-bc363b33fa19">
      <Execution id="04b48235-f241-4d8a-94a8-6cddbfa4c0ac" />
      <TestMethod codeBase="C:/Personal/Career/Tests/Practicum/Practicum.Test/bin/Debug/Practicum.Test.DLL" adapterTypeName="Microsoft.VisualStudio.TestTools.TestTypes.Unit.UnitTestAdapter, Microsoft.VisualStudio.QualityTools.Tips.UnitTest.Adapter, Version=10.0.0.0, Culture=neutral, PublicKeyToken=b03f5f7f11d50a3a" className="Practicum.Test.PracticumTest, Practicum.Test, Version=1.0.0.0, Culture=neutral, PublicKeyToken=null" name="TestMethod1" />
    </UnitTest>
    <UnitTest name="TestMethod3" storage="c:\personal\career\tests\practicum\practicum.test\bin\debug\practicum.test.dll" id="5de196f7-1502-4450-9635-d55317016fb4">
      <Execution id="0dfd3330-e7ef-448c-8c6b-ad1ed87accde" />
      <TestMethod codeBase="C:/Personal/Career/Tests/Practicum/Practicum.Test/bin/Debug/Practicum.Test.DLL" adapterTypeName="Microsoft.VisualStudio.TestTools.TestTypes.Unit.UnitTestAdapter, Microsoft.VisualStudio.QualityTools.Tips.UnitTest.Adapter, Version=10.0.0.0, Culture=neutral, PublicKeyToken=b03f5f7f11d50a3a" className="Practicum.Test.PracticumTest, Practicum.Test, Version=1.0.0.0, Culture=neutral, PublicKeyToken=null" name="TestMethod3" />
    </UnitTest>
    <UnitTest name="TestMethod5" storage="c:\personal\career\tests\practicum\practicum.test\bin\debug\practicum.test.dll" id="7a3ab5ed-1747-f1cb-a803-003deb1b80c1">
      <Execution id="018faeb2-9930-4b76-8f3a-9059c41c5930" />
      <TestMethod codeBase="C:/Personal/Career/Tests/Practicum/Practicum.Test/bin/Debug/Practicum.Test.DLL" adapterTypeName="Microsoft.VisualStudio.TestTools.TestTypes.Unit.UnitTestAdapter, Microsoft.VisualStudio.QualityTools.Tips.UnitTest.Adapter, Version=10.0.0.0, Culture=neutral, PublicKeyToken=b03f5f7f11d50a3a" className="Practicum.Test.PracticumTest, Practicum.Test, Version=1.0.0.0, Culture=neutral, PublicKeyToken=null" name="TestMethod5" />
    </UnitTest>
    <UnitTest name="TestMethod4" storage="c:\personal\career\tests\practicum\practicum.test\bin\debug\practicum.test.dll" id="a629fb51-d901-eedb-5987-a683a2115959">
      <Execution id="755eacb6-0007-4c23-bd81-8658a905df5b" />
      <TestMethod codeBase="C:/Personal/Career/Tests/Practicum/Practicum.Test/bin/Debug/Practicum.Test.DLL" adapterTypeName="Microsoft.VisualStudio.TestTools.TestTypes.Unit.UnitTestAdapter, Microsoft.VisualStudio.QualityTools.Tips.UnitTest.Adapter, Version=10.0.0.0, Culture=neutral, PublicKeyToken=b03f5f7f11d50a3a" className="Practicum.Test.PracticumTest, Practicum.Test, Version=1.0.0.0, Culture=neutral, PublicKeyToken=null" name="TestMethod4" />
    </UnitTest>
    <UnitTest name="TestMethod8" storage="c:\personal\career\tests\practicum\practicum.test\bin\debug\practicum.test.dll" id="45e2f4f6-499a-91c7-a4ce-6c41f71b6493">
      <Execution id="f6996c3a-2812-49c3-ba6b-53ae24a374d3" />
      <TestMethod codeBase="C:/Personal/Career/Tests/Practicum/Practicum.Test/bin/Debug/Practicum.Test.DLL" adapterTypeName="Microsoft.VisualStudio.TestTools.TestTypes.Unit.UnitTestAdapter, Microsoft.VisualStudio.QualityTools.Tips.UnitTest.Adapter, Version=10.0.0.0, Culture=neutral, PublicKeyToken=b03f5f7f11d50a3a" className="Practicum.Test.PracticumTest, Practicum.Test, Version=1.0.0.0, Culture=neutral, PublicKeyToken=null" name="TestMethod8" />
    </UnitTest>
    <UnitTest name="TestMethod2" storage="c:\personal\career\tests\practicum\practicum.test\bin\debug\practicum.test.dll" id="93b5e82c-e4a2-74b9-6f8e-9e37275af40a">
      <Execution id="1fb2703c-bed1-4072-aa04-6dd5bb0e769a" />
      <TestMethod codeBase="C:/Personal/Career/Tests/Practicum/Practicum.Test/bin/Debug/Practicum.Test.DLL" adapterTypeName="Microsoft.VisualStudio.TestTools.TestTypes.Unit.UnitTestAdapter, Microsoft.VisualStudio.QualityTools.Tips.UnitTest.Adapter, Version=10.0.0.0, Culture=neutral, PublicKeyToken=b03f5f7f11d50a3a" className="Practicum.Test.PracticumTest, Practicum.Test, Version=1.0.0.0, Culture=neutral, PublicKeyToken=null" name="TestMethod2" />
    </UnitTest>
  </TestDefinitions>
  <TestLists>
    <TestList name="Results Not in a List" id="8c84fa94-04c1-424b-9868-57a2d4851a1d" />
    <TestList name="All Loaded Results" id="19431567-8539-422a-85d7-44ee4e166bda" />
  </TestLists>
  <TestEntries>
    <TestEntry testId="5d8d871b-0f0f-e02b-a557-bc363b33fa19" executionId="04b48235-f241-4d8a-94a8-6cddbfa4c0ac" testListId="8c84fa94-04c1-424b-9868-57a2d4851a1d" />
    <TestEntry testId="93b5e82c-e4a2-74b9-6f8e-9e37275af40a" executionId="1fb2703c-bed1-4072-aa04-6dd5bb0e769a" testListId="8c84fa94-04c1-424b-9868-57a2d4851a1d" />
    <TestEntry testId="5de196f7-1502-4450-9635-d55317016fb4" executionId="0dfd3330-e7ef-448c-8c6b-ad1ed87accde" testListId="8c84fa94-04c1-424b-9868-57a2d4851a1d" />
    <TestEntry testId="a629fb51-d901-eedb-5987-a683a2115959" executionId="755eacb6-0007-4c23-bd81-8658a905df5b" testListId="8c84fa94-04c1-424b-9868-57a2d4851a1d" />
    <TestEntry testId="7a3ab5ed-1747-f1cb-a803-003deb1b80c1" executionId="018faeb2-9930-4b76-8f3a-9059c41c5930" testListId="8c84fa94-04c1-424b-9868-57a2d4851a1d" />
    <TestEntry testId="53422fd4-2a0d-2d52-1717-039e901357f6" executionId="4d68ee92-fe2e-43da-bde7-d252cb5b89bc" testListId="8c84fa94-04c1-424b-9868-57a2d4851a1d" />
    <TestEntry testId="c30a6537-96f2-fea6-71ca-53a68614fd79" executionId="60ba2ed8-0d6b-4480-b602-71091ee7c409" testListId="8c84fa94-04c1-424b-9868-57a2d4851a1d" />
    <TestEntry testId="45e2f4f6-499a-91c7-a4ce-6c41f71b6493" executionId="f6996c3a-2812-49c3-ba6b-53ae24a374d3" testListId="8c84fa94-04c1-424b-9868-57a2d4851a1d" />
  </TestEntries>
  <Results>
    <UnitTestResult executionId="04b48235-f241-4d8a-94a8-6cddbfa4c0ac" testId="5d8d871b-0f0f-e02b-a557-bc363b33fa19" testName="TestMethod1" computerName="LAMACHINE" duration="00:00:00.1709612" startTime="2014-08-22T18:56:10.8047464-05:00" endTime="2014-08-22T18:56:12.5087797-05:00" testType="13cdc9d9-ddb5-4fa4-a97d-d965ccfc6d4b" outcome="Passed" testListId="8c84fa94-04c1-424b-9868-57a2d4851a1d" relativeResultsDirectory="04b48235-f241-4d8a-94a8-6cddbfa4c0ac">
    </UnitTestResult>
    <UnitTestResult executionId="1fb2703c-bed1-4072-aa04-6dd5bb0e769a" testId="93b5e82c-e4a2-74b9-6f8e-9e37275af40a" testName="TestMethod2" computerName="LAMACHINE" duration="00:00:00.0008933" startTime="2014-08-22T18:56:12.5187797-05:00" endTime="2014-08-22T18:56:12.5287797-05:00" testType="13cdc9d9-ddb5-4fa4-a97d-d965ccfc6d4b" outcome="Passed" testListId="8c84fa94-04c1-424b-9868-57a2d4851a1d" relativeResultsDirectory="1fb2703c-bed1-4072-aa04-6dd5bb0e769a">
    </UnitTestResult>
    <UnitTestResult executionId="0dfd3330-e7ef-448c-8c6b-ad1ed87accde" testId="5de196f7-1502-4450-9635-d55317016fb4" testName="TestMethod3" computerName="LAMACHINE" duration="00:00:00.0006583" startTime="2014-08-22T18:56:12.5387797-05:00" endTime="2014-08-22T18:56:12.5387797-05:00" testType="13cdc9d9-ddb5-4fa4-a97d-d965ccfc6d4b" outcome="Passed" testListId="8c84fa94-04c1-424b-9868-57a2d4851a1d" relativeResultsDirectory="0dfd3330-e7ef-448c-8c6b-ad1ed87accde">
    </UnitTestResult>
    <UnitTestResult executionId="755eacb6-0007-4c23-bd81-8658a905df5b" testId="a629fb51-d901-eedb-5987-a683a2115959" testName="TestMethod4" computerName="LAMACHINE" duration="00:00:00.0007631" startTime="2014-08-22T18:56:12.5487797-05:00" endTime="2014-08-22T18:56:12.5587798-05:00" testType="13cdc9d9-ddb5-4fa4-a97d-d965ccfc6d4b" outcome="Passed" testListId="8c84fa94-04c1-424b-9868-57a2d4851a1d" relativeResultsDirectory="755eacb6-0007-4c23-bd81-8658a905df5b">
    </UnitTestResult>
    <UnitTestResult executionId="018faeb2-9930-4b76-8f3a-9059c41c5930" testId="7a3ab5ed-1747-f1cb-a803-003deb1b80c1" testName="TestMethod5" computerName="LAMACHINE" duration="00:00:00.0006660" startTime="2014-08-22T18:56:12.5587798-05:00" endTime="2014-08-22T18:56:12.5687798-05:00" testType="13cdc9d9-ddb5-4fa4-a97d-d965ccfc6d4b" outcome="Passed" testListId="8c84fa94-04c1-424b-9868-57a2d4851a1d" relativeResultsDirectory="018faeb2-9930-4b76-8f3a-9059c41c5930">
    </UnitTestResult>
    <UnitTestResult executionId="4d68ee92-fe2e-43da-bde7-d252cb5b89bc" testId="53422fd4-2a0d-2d52-1717-039e901357f6" testName="TestMethod6" computerName="LAMACHINE" duration="00:00:00.0006668" startTime="2014-08-22T18:56:12.5687798-05:00" endTime="2014-08-22T18:56:12.5787798-05:00" testType="13cdc9d9-ddb5-4fa4-a97d-d965ccfc6d4b" outcome="Passed" testListId="8c84fa94-04c1-424b-9868-57a2d4851a1d" relativeResultsDirectory="4d68ee92-fe2e-43da-bde7-d252cb5b89bc">
    </UnitTestResult>
    <UnitTestResult executionId="60ba2ed8-0d6b-4480-b602-71091ee7c409" testId="c30a6537-96f2-fea6-71ca-53a68614fd79" testName="TestMethod7" computerName="LAMACHINE" duration="00:00:00.0006510" startTime="2014-08-22T18:56:12.5887798-05:00" endTime="2014-08-22T18:56:12.5887798-05:00" testType="13cdc9d9-ddb5-4fa4-a97d-d965ccfc6d4b" outcome="Passed" testListId="8c84fa94-04c1-424b-9868-57a2d4851a1d" relativeResultsDirectory="60ba2ed8-0d6b-4480-b602-71091ee7c409">
    </UnitTestResult>
    <UnitTestResult executionId="f6996c3a-2812-49c3-ba6b-53ae24a374d3" testId="45e2f4f6-499a-91c7-a4ce-6c41f71b6493" testName="TestMethod8" computerName="LAMACHINE" duration="00:00:00.0006664" startTime="2014-08-22T18:56:12.5987798-05:00" endTime="2014-08-22T18:56:12.5987798-05:00" testType="13cdc9d9-ddb5-4fa4-a97d-d965ccfc6d4b" outcome="Passed" testListId="8c84fa94-04c1-424b-9868-57a2d4851a1d" relativeResultsDirectory="f6996c3a-2812-49c3-ba6b-53ae24a374d3">
    </UnitTestResult>
  </Results>
</TestRun>